2026-09-19T09:58:25.4242110Z Current runner version: '2.337.0'
2026-09-19T09:58:25.4263327Z ##[group]Runner Image Provisioner
2026-09-19T09:58:25.4264197Z Hosted Compute Agent
2026-09-19T09:58:25.4264793Z Version: 20260828.587
2026-09-19T09:58:25.4265374Z Commit: abac92662cab4cc7352de4f9f9d2e2419aad9c29
2026-09-19T09:58:25.4266043Z Build Date: 2026-08-28T16:44:25Z
2026-09-19T09:58:25.4266709Z Worker ID: {35d658ba-41d5-4720-8e14-ad0b7f16dee0}
2026-09-19T09:58:25.4267361Z Azure Region: westus3
2026-09-19T09:58:25.4267914Z ##[endgroup]
2026-09-19T09:58:25.4269490Z ##[group]Operating System
2026-09-19T09:58:25.4270092Z Ubuntu
2026-09-19T09:58:25.4270629Z 24.04.5
2026-09-19T09:58:25.4271132Z LTS
2026-09-19T09:58:25.4272092Z ##[endgroup]
2026-09-19T09:58:25.4272627Z ##[group]Runner Image
2026-09-19T09:58:25.4273188Z Image: ubuntu-24.04
2026-09-19T09:58:25.4273726Z Version: 20260907.300.1
2026-09-19T09:58:25.4274901Z Included Software: https://github.com/actions/runner-images/blob/ubuntu24/20260907.300/images/ubuntu/Ubuntu2404-Readme.md
2026-09-19T09:58:25.4276316Z Image Release: https://github.com/actions/runner-images/releases/tag/ubuntu24%2F20260907.300
2026-09-19T09:58:25.4277195Z ##[endgroup]
2026-09-19T09:58:25.4278257Z ##[group]GITHUB_TOKEN Permissions
2026-09-19T09:58:25.4280415Z Contents: read
2026-09-19T09:58:25.4280983Z Metadata: read
2026-09-19T09:58:25.4281665Z ##[endgroup]
2026-09-19T09:58:25.4283547Z Secret source: Actions
2026-09-19T09:58:25.4284475Z Cache mode: write
2026-09-19T09:58:25.4285487Z Prepare workflow directory
2026-09-19T09:58:25.4591560Z Prepare all required actions
2026-09-19T09:58:25.4658753Z Getting action download info
2026-09-19T09:58:25.7521124Z Download action repository 'actions/checkout@11d5960a326750d5838078e36cf38b85af677262' (SHA:11d5960a326750d5838078e36cf38b85af677262)
2026-09-19T09:58:25.8408948Z Download action repository 'actions/setup-python@a26af69be951a213d495a4c3e4e4022e16d87065' (SHA:a26af69be951a213d495a4c3e4e4022e16d87065)
2026-09-19T09:58:26.0270283Z Complete job name: check
2026-09-19T09:58:26.0915557Z Node 20 is being deprecated. This workflow is running with Node 24 by default. If you need to temporarily use Node 20, you can set the ACTIONS_ALLOW_USE_UNSECURE_NODE_VERSION=true environment variable. For more information see: https://github.blog/changelog/2025-09-19-deprecation-of-node-20-on-github-actions-runners/
2026-09-19T09:58:26.0923871Z ##[group]Run actions/checkout@11d5960a326750d5838078e36cf38b85af677262
2026-09-19T09:58:26.0924755Z with:
2026-09-19T09:58:26.0925225Z   persist-credentials: false
2026-09-19T09:58:26.0925862Z   repository: de6igz/python-lab
2026-09-19T09:58:26.0929412Z   token: ***
2026-09-19T09:58:26.0929933Z   ssh-strict: true
2026-09-19T09:58:26.0930408Z   ssh-user: git
2026-09-19T09:58:26.0930855Z   clean: true
2026-09-19T09:58:26.0931531Z   sparse-checkout-cone-mode: true
2026-09-19T09:58:26.0932104Z   fetch-depth: 1
2026-09-19T09:58:26.0932586Z   fetch-tags: false
2026-09-19T09:58:26.0933080Z   show-progress: true
2026-09-19T09:58:26.0933726Z   lfs: false
2026-09-19T09:58:26.0934200Z   submodules: false
2026-09-19T09:58:26.0934694Z   set-safe-directory: true
2026-09-19T09:58:26.0935252Z   allow-unsafe-pr-checkout: false
2026-09-19T09:58:26.0935957Z ##[endgroup]
2026-09-19T09:58:26.1878418Z Syncing repository: de6igz/python-lab
2026-09-19T09:58:26.1880285Z ##[group]Getting Git version info
2026-09-19T09:58:26.1881129Z Working directory is '/home/runner/work/python-lab/python-lab'
2026-09-19T09:58:26.1882684Z [command]/usr/bin/git version
2026-09-19T09:58:26.1947006Z git version 2.55.0
2026-09-19T09:58:26.1964893Z ##[endgroup]
2026-09-19T09:58:26.1977750Z Temporarily overriding HOME='/home/runner/work/_temp/7e3bb27d-25d2-4999-8ed2-5572bea5c091' before making global git config changes
2026-09-19T09:58:26.1979949Z Adding repository directory to the temporary git global config as a safe directory
2026-09-19T09:58:26.1984814Z [command]/usr/bin/git config --global --add safe.directory /home/runner/work/python-lab/python-lab
2026-09-19T09:58:26.2028766Z Deleting the contents of '/home/runner/work/python-lab/python-lab'
2026-09-19T09:58:26.2034309Z ##[group]Initializing the repository
2026-09-19T09:58:26.2038562Z [command]/usr/bin/git init /home/runner/work/python-lab/python-lab
2026-09-19T09:58:26.2126974Z hint: Using 'master' as the name for the initial branch. This default branch name
2026-09-19T09:58:26.2128634Z hint: will change to "main" in Git 3.0. To configure the initial branch name
2026-09-19T09:58:26.2130482Z hint: to use in all of your new repositories, which will suppress this warning,
2026-09-19T09:58:26.2131947Z hint: call:
2026-09-19T09:58:26.2132691Z hint:
2026-09-19T09:58:26.2133750Z hint: 	git config --global init.defaultBranch <name>
2026-09-19T09:58:26.2134768Z hint:
2026-09-19T09:58:26.2135827Z hint: Names commonly chosen instead of 'master' are 'main', 'trunk' and
2026-09-19T09:58:26.2137111Z hint: 'development'. The just-created branch can be renamed via this command:
2026-09-19T09:58:26.2138107Z hint:
2026-09-19T09:58:26.2138918Z hint: 	git branch -m <name>
2026-09-19T09:58:26.2139660Z hint:
2026-09-19T09:58:26.2140625Z hint: Disable this message with "git config set advice.defaultBranchName false"
2026-09-19T09:58:26.2142265Z Initialized empty Git repository in /home/runner/work/python-lab/python-lab/.git/
2026-09-19T09:58:26.2151419Z [command]/usr/bin/git remote add origin https://github.com/de6igz/python-lab
2026-09-19T09:58:26.2186575Z ##[endgroup]
2026-09-19T09:58:26.2187899Z ##[group]Disabling automatic garbage collection
2026-09-19T09:58:26.2190437Z [command]/usr/bin/git config --local gc.auto 0
2026-09-19T09:58:26.2223370Z ##[endgroup]
2026-09-19T09:58:26.2224298Z ##[group]Setting up auth
2026-09-19T09:58:26.2231726Z [command]/usr/bin/git config --local --name-only --get-regexp core\.sshCommand
2026-09-19T09:58:26.2262794Z [command]/usr/bin/git submodule foreach --recursive sh -c "git config --local --name-only --get-regexp 'core\.sshCommand' && git config --local --unset-all 'core.sshCommand' || :"
2026-09-19T09:58:26.2581107Z [command]/usr/bin/git config --local --name-only --get-regexp http\.https\:\/\/github\.com\/\.extraheader
2026-09-19T09:58:26.2628414Z [command]/usr/bin/git submodule foreach --recursive sh -c "git config --local --name-only --get-regexp 'http\.https\:\/\/github\.com\/\.extraheader' && git config --local --unset-all 'http.https://github.com/.extraheader' || :"
2026-09-19T09:58:26.2802482Z [command]/usr/bin/git config --local --name-only --get-regexp ^includeIf\.gitdir:
2026-09-19T09:58:26.2830004Z [command]/usr/bin/git submodule foreach --recursive git config --local --show-origin --name-only --get-regexp remote.origin.url
2026-09-19T09:58:26.3000390Z [command]/usr/bin/git config --local http.https://github.com/.extraheader AUTHORIZATION: basic ***
2026-09-19T09:58:26.3028358Z ##[endgroup]
2026-09-19T09:58:26.3029732Z ##[group]Fetching the repository
2026-09-19T09:58:26.3038207Z [command]/usr/bin/git -c protocol.version=2 fetch --no-tags --prune --no-recurse-submodules --depth=1 origin +58c73a9aef717b04c54924e67a3f0c9d17a2a92e:refs/remotes/origin/main
2026-09-19T09:58:26.8143535Z From https://github.com/de6igz/python-lab
2026-09-19T09:58:26.8145069Z  * [new ref]         58c73a9aef717b04c54924e67a3f0c9d17a2a92e -> origin/main
2026-09-19T09:58:26.8148000Z ##[endgroup]
2026-09-19T09:58:26.8149486Z ##[group]Determining the checkout info
2026-09-19T09:58:26.8151113Z ##[endgroup]
2026-09-19T09:58:26.8156587Z [command]/usr/bin/git sparse-checkout disable
2026-09-19T09:58:26.8203334Z [command]/usr/bin/git config --local --unset-all extensions.worktreeConfig
2026-09-19T09:58:26.8228923Z ##[group]Checking out the ref
2026-09-19T09:58:26.8232135Z [command]/usr/bin/git checkout --progress --force -B main refs/remotes/origin/main
2026-09-19T09:58:26.8301745Z Switched to a new branch 'main'
2026-09-19T09:58:26.8306573Z branch 'main' set up to track 'origin/main'.
2026-09-19T09:58:26.8310611Z ##[endgroup]
2026-09-19T09:58:26.8343663Z [command]/usr/bin/git log -1 --format=%H
2026-09-19T09:58:26.8364051Z 58c73a9aef717b04c54924e67a3f0c9d17a2a92e
2026-09-19T09:58:26.8371743Z ##[group]Removing auth
2026-09-19T09:58:26.8374812Z [command]/usr/bin/git config --local --name-only --get-regexp core\.sshCommand
2026-09-19T09:58:26.8399587Z [command]/usr/bin/git submodule foreach --recursive sh -c "git config --local --name-only --get-regexp 'core\.sshCommand' && git config --local --unset-all 'core.sshCommand' || :"
2026-09-19T09:58:26.8572407Z [command]/usr/bin/git config --local --name-only --get-regexp http\.https\:\/\/github\.com\/\.extraheader
2026-09-19T09:58:26.8593125Z http.https://github.com/.extraheader
2026-09-19T09:58:26.8601132Z [command]/usr/bin/git config --local --unset-all http.https://github.com/.extraheader
2026-09-19T09:58:26.8629919Z [command]/usr/bin/git submodule foreach --recursive sh -c "git config --local --name-only --get-regexp 'http\.https\:\/\/github\.com\/\.extraheader' && git config --local --unset-all 'http.https://github.com/.extraheader' || :"
2026-09-19T09:58:26.8795473Z [command]/usr/bin/git config --local --name-only --get-regexp ^includeIf\.gitdir:
2026-09-19T09:58:26.8818166Z [command]/usr/bin/git submodule foreach --recursive git config --local --show-origin --name-only --get-regexp remote.origin.url
2026-09-19T09:58:26.8982648Z ##[endgroup]
2026-09-19T09:58:26.9227871Z Node 20 is being deprecated. This workflow is running with Node 24 by default. If you need to temporarily use Node 20, you can set the ACTIONS_ALLOW_USE_UNSECURE_NODE_VERSION=true environment variable. For more information see: https://github.blog/changelog/2025-09-19-deprecation-of-node-20-on-github-actions-runners/
2026-09-19T09:58:26.9230787Z ##[group]Run actions/setup-python@a26af69be951a213d495a4c3e4e4022e16d87065
2026-09-19T09:58:26.9231816Z with:
2026-09-19T09:58:26.9232362Z   python-version: 3.12.13
2026-09-19T09:58:26.9232957Z   cache: pip
2026-09-19T09:58:26.9233502Z   check-latest: false
2026-09-19T09:58:26.9237483Z   token: ***
2026-09-19T09:58:26.9238029Z   update-environment: true
2026-09-19T09:58:26.9238636Z   allow-prereleases: false
2026-09-19T09:58:26.9239258Z   freethreaded: false
2026-09-19T09:58:26.9239811Z ##[endgroup]
2026-09-19T09:58:27.0448678Z ##[group]Installed versions
2026-09-19T09:58:27.0465938Z Version 3.12.13 was not found in the local cache
2026-09-19T09:58:27.0568629Z (node:2115) [DEP0040] DeprecationWarning: The `punycode` module is deprecated. Please use a userland alternative instead.
2026-09-19T09:58:27.0570220Z (Use `node --trace-deprecation ...` to show where the warning was created)
2026-09-19T09:58:27.9847209Z Version 3.12.13 is available for downloading
2026-09-19T09:58:27.9852653Z Download from "https://github.com/actions/python-versions/releases/download/3.12.13-27650778726/python-3.12.13-linux-24.04-x64.tar.gz"
2026-09-19T09:58:28.6088471Z Extract downloaded archive
2026-09-19T09:58:28.6189031Z [command]/usr/bin/tar xz --warning=no-unknown-keyword --overwrite -C /home/runner/work/_temp/67a9c5ff-caf9-48c9-ae8d-0cc7db02645c -f /home/runner/work/_temp/ebebf9ef-4d3c-476b-a86b-d1687099fcd3
2026-09-19T09:58:30.6419762Z Execute installation script
2026-09-19T09:58:30.6496248Z Check if Python hostedtoolcache folder exist...
2026-09-19T09:58:30.6497129Z Create Python 3.12.13 folder
2026-09-19T09:58:30.6507145Z Copy Python binaries to hostedtoolcache folder
2026-09-19T09:58:30.9022367Z Create additional symlinks (Required for the UsePythonVersion Azure Pipelines task and the setup-python GitHub Action)
2026-09-19T09:58:30.9055485Z Upgrading pip...
2026-09-19T09:58:32.6644796Z Collecting pip
2026-09-19T09:58:32.7207435Z Downloading pip-26.2.1-py3-none-any.whl.metadata (4.6 kB)
2026-09-19T09:58:32.7352281Z Downloading pip-26.2.1-py3-none-any.whl (1.8 MB)
2026-09-19T09:58:32.8064371Z ━━━━━━━━━━━━━━━━━━━━━━━━━━━━━━━━━━━━━━━━ 1.8/1.8 MB 35.3 MB/s eta 0:00:00
2026-09-19T09:58:32.8065158Z 
2026-09-19T09:58:32.8250153Z Installing collected packages: pip
2026-09-19T09:58:32.8250821Z Attempting uninstall: pip
2026-09-19T09:58:32.8267742Z Found existing installation: pip 25.0.1
2026-09-19T09:58:32.8484412Z Uninstalling pip-25.0.1:
2026-09-19T09:58:32.8524211Z Successfully uninstalled pip-25.0.1
2026-09-19T09:58:33.5529558Z Successfully installed pip-26.2.1
2026-09-19T09:58:33.6094597Z Create complete file
2026-09-19T09:58:33.6127343Z Successfully set up CPython (3.12.13)
2026-09-19T09:58:33.6128412Z ##[endgroup]
2026-09-19T09:58:33.6472328Z [command]/opt/hostedtoolcache/Python/3.12.13/x64/bin/pip cache dir
2026-09-19T09:58:33.7774983Z /home/runner/.cache/pip
2026-09-19T09:58:33.9993441Z Cache hit for: setup-python-Linux-x64-24.04-Ubuntu-python-3.12.13-pip-47e8dce3410891a7fc32f7e1ff3faabbdefa52464814fb73c6937386f79a778c
2026-09-19T09:58:34.0106490Z (node:2115) [DEP0169] DeprecationWarning: `url.parse()` behavior is not standardized and prone to errors that have security implications. Use the WHATWG URL API instead. CVEs are not issued for `url.parse()` vulnerabilities.
2026-09-19T09:58:35.1411935Z Received 34161312 of 34161312 (100.0%), 36.1 MBs/sec
2026-09-19T09:58:35.1413007Z Cache Size: ~33 MB (34161312 B)
2026-09-19T09:58:35.1452059Z [command]/usr/bin/tar -xf /home/runner/work/_temp/153f3e3e-6507-4c21-a63c-1138465052cb/cache.tzst -P -C /home/runner/work/python-lab/python-lab --use-compress-program unzstd
2026-09-19T09:58:35.1922187Z Cache restored successfully
2026-09-19T09:58:35.1941818Z Cache restored from key: setup-python-Linux-x64-24.04-Ubuntu-python-3.12.13-pip-47e8dce3410891a7fc32f7e1ff3faabbdefa52464814fb73c6937386f79a778c
2026-09-19T09:58:35.2088868Z ##[group]Run python -m pip install -r requirements.txt
2026-09-19T09:58:35.2089415Z [36;1mpython -m pip install -r requirements.txt[0m
2026-09-19T09:58:35.2118722Z shell: /usr/bin/bash -e {0}
2026-09-19T09:58:35.2119081Z env:
2026-09-19T09:58:35.2119511Z   pythonLocation: /opt/hostedtoolcache/Python/3.12.13/x64
2026-09-19T09:58:35.2120078Z   PKG_CONFIG_PATH: /opt/hostedtoolcache/Python/3.12.13/x64/lib/pkgconfig
2026-09-19T09:58:35.2120575Z   Python_ROOT_DIR: /opt/hostedtoolcache/Python/3.12.13/x64
2026-09-19T09:58:35.2121029Z   Python2_ROOT_DIR: /opt/hostedtoolcache/Python/3.12.13/x64
2026-09-19T09:58:35.2121730Z   Python3_ROOT_DIR: /opt/hostedtoolcache/Python/3.12.13/x64
2026-09-19T09:58:35.2122239Z   LD_LIBRARY_PATH: /opt/hostedtoolcache/Python/3.12.13/x64/lib
2026-09-19T09:58:35.2122662Z ##[endgroup]
2026-09-19T09:58:35.4961742Z Collecting babel==2.18.0 (from -r requirements.txt (line 1))
2026-09-19T09:58:35.4976380Z   Using cached babel-2.18.0-py3-none-any.whl.metadata (2.2 kB)
2026-09-19T09:58:35.5070811Z Collecting backrefs==5.9 (from -r requirements.txt (line 2))
2026-09-19T09:58:35.5082386Z   Using cached backrefs-5.9-py312-none-any.whl.metadata (3.2 kB)
2026-09-19T09:58:35.5153498Z Collecting certifi==2026.7.22 (from -r requirements.txt (line 3))
2026-09-19T09:58:35.5163828Z   Using cached certifi-2026.7.22-py3-none-any.whl.metadata (2.5 kB)
2026-09-19T09:58:35.6067602Z Collecting charset-normalizer==3.5.1 (from -r requirements.txt (line 4))
2026-09-19T09:58:35.6078045Z   Using cached charset_normalizer-3.5.1-cp312-cp312-manylinux2014_x86_64.manylinux_2_17_x86_64.manylinux_2_28_x86_64.whl.metadata (45 kB)
2026-09-19T09:58:35.6165943Z Collecting click==8.5.0 (from -r requirements.txt (line 5))
2026-09-19T09:58:35.6177255Z   Using cached click-8.5.0-py3-none-any.whl.metadata (2.6 kB)
2026-09-19T09:58:35.6228580Z Collecting colorama==0.4.6 (from -r requirements.txt (line 6))
2026-09-19T09:58:35.6238796Z   Using cached colorama-0.4.6-py2.py3-none-any.whl.metadata (17 kB)
2026-09-19T09:58:35.6285775Z Collecting distlib==0.4.3 (from -r requirements.txt (line 7))
2026-09-19T09:58:35.6296857Z   Using cached distlib-0.4.3-py2.py3-none-any.whl.metadata (5.3 kB)
2026-09-19T09:58:35.6386121Z Collecting filelock==3.32.7 (from -r requirements.txt (line 8))
2026-09-19T09:58:35.6396235Z   Using cached filelock-3.32.7-py3-none-any.whl.metadata (2.0 kB)
2026-09-19T09:58:35.6431684Z Collecting ghp-import==2.1.0 (from -r requirements.txt (line 9))
2026-09-19T09:58:35.6441994Z   Using cached ghp_import-2.1.0-py3-none-any.whl.metadata (7.2 kB)
2026-09-19T09:58:35.6497993Z Collecting idna==3.20 (from -r requirements.txt (line 10))
2026-09-19T09:58:35.6508349Z   Using cached idna-3.20-py3-none-any.whl.metadata (7.2 kB)
2026-09-19T09:58:35.6567520Z Collecting jinja2==3.1.6 (from -r requirements.txt (line 11))
2026-09-19T09:58:35.6577665Z   Using cached jinja2-3.1.6-py3-none-any.whl.metadata (2.9 kB)
2026-09-19T09:58:35.6640469Z Collecting markdown==3.10.3 (from -r requirements.txt (line 12))
2026-09-19T09:58:35.6650942Z   Using cached markdown-3.10.3-py3-none-any.whl.metadata (5.1 kB)
2026-09-19T09:58:35.6959570Z Collecting markupsafe==3.0.3 (from -r requirements.txt (line 13))
2026-09-19T09:58:35.6969042Z   Using cached markupsafe-3.0.3-cp312-cp312-manylinux2014_x86_64.manylinux_2_17_x86_64.manylinux_2_28_x86_64.whl.metadata (2.7 kB)
2026-09-19T09:58:35.7006126Z Collecting mergedeep==1.3.4 (from -r requirements.txt (line 14))
2026-09-19T09:58:35.7016891Z   Using cached mergedeep-1.3.4-py3-none-any.whl.metadata (4.3 kB)
2026-09-19T09:58:35.7084086Z Collecting mkdocs==1.6.1 (from -r requirements.txt (line 15))
2026-09-19T09:58:35.7095019Z   Using cached mkdocs-1.6.1-py3-none-any.whl.metadata (6.0 kB)
2026-09-19T09:58:35.7141693Z Collecting mkdocs-get-deps==0.2.2 (from -r requirements.txt (line 16))
2026-09-19T09:58:35.7152128Z   Using cached mkdocs_get_deps-0.2.2-py3-none-any.whl.metadata (4.0 kB)
2026-09-19T09:58:35.7450914Z Collecting mkdocs-material==9.6.14 (from -r requirements.txt (line 17))
2026-09-19T09:58:35.7462255Z   Using cached mkdocs_material-9.6.14-py3-none-any.whl.metadata (18 kB)
2026-09-19T09:58:35.7514137Z Collecting mkdocs-material-extensions==1.3.1 (from -r requirements.txt (line 18))
2026-09-19T09:58:35.7525337Z   Using cached mkdocs_material_extensions-1.3.1-py3-none-any.whl.metadata (6.9 kB)
2026-09-19T09:58:35.7586869Z Collecting packaging==26.3 (from -r requirements.txt (line 19))
2026-09-19T09:58:35.7597576Z   Using cached packaging-26.3-py3-none-any.whl.metadata (3.5 kB)
2026-09-19T09:58:35.7630497Z Collecting paginate==0.5.7 (from -r requirements.txt (line 20))
2026-09-19T09:58:35.7641318Z   Using cached paginate-0.5.7-py2.py3-none-any.whl.metadata (11 kB)
2026-09-19T09:58:35.7690562Z Collecting pathspec==1.1.1 (from -r requirements.txt (line 21))
2026-09-19T09:58:35.7701518Z   Using cached pathspec-1.1.1-py3-none-any.whl.metadata (14 kB)
2026-09-19T09:58:35.7783049Z Collecting platformdirs==4.11.11 (from -r requirements.txt (line 22))
2026-09-19T09:58:35.7795424Z   Using cached platformdirs-4.11.11-py3-none-any.whl.metadata (5.5 kB)
2026-09-19T09:58:35.7873120Z Collecting pygments==2.21.0 (from -r requirements.txt (line 23))
2026-09-19T09:58:35.7883821Z   Using cached pygments-2.21.0-py3-none-any.whl.metadata (2.5 kB)
2026-09-19T09:58:35.7993888Z Collecting pymdown-extensions==10.21.3 (from -r requirements.txt (line 24))
2026-09-19T09:58:35.8004913Z   Using cached pymdown_extensions-10.21.3-py3-none-any.whl.metadata (3.1 kB)
2026-09-19T09:58:35.8053527Z Collecting python-dateutil==2.9.0.post0 (from -r requirements.txt (line 25))
2026-09-19T09:58:35.8064449Z   Using cached python_dateutil-2.9.0.post0-py2.py3-none-any.whl.metadata (8.4 kB)
2026-09-19T09:58:35.8277942Z Collecting pyyaml==6.0.3 (from -r requirements.txt (line 26))
2026-09-19T09:58:35.8289122Z   Using cached pyyaml-6.0.3-cp312-cp312-manylinux2014_x86_64.manylinux_2_17_x86_64.manylinux_2_28_x86_64.whl.metadata (2.4 kB)
2026-09-19T09:58:35.8319625Z Collecting pyyaml-env-tag==1.1 (from -r requirements.txt (line 27))
2026-09-19T09:58:35.8330442Z   Using cached pyyaml_env_tag-1.1-py3-none-any.whl.metadata (5.5 kB)
2026-09-19T09:58:35.8429276Z Collecting requests==2.34.2 (from -r requirements.txt (line 28))
2026-09-19T09:58:35.8440378Z   Using cached requests-2.34.2-py3-none-any.whl.metadata (4.8 kB)
2026-09-19T09:58:35.8488458Z Collecting six==1.17.0 (from -r requirements.txt (line 29))
2026-09-19T09:58:35.8499675Z   Using cached six-1.17.0-py2.py3-none-any.whl.metadata (1.7 kB)
2026-09-19T09:58:35.8591127Z Collecting urllib3==2.8.0 (from -r requirements.txt (line 30))
2026-09-19T09:58:35.8603130Z   Using cached urllib3-2.8.0-py3-none-any.whl.metadata (7.4 kB)
2026-09-19T09:58:35.8800328Z Collecting virtualenv==20.31.2 (from -r requirements.txt (line 31))
2026-09-19T09:58:35.8811294Z   Using cached virtualenv-20.31.2-py3-none-any.whl.metadata (4.5 kB)
2026-09-19T09:58:35.9089965Z Collecting watchdog==6.0.0 (from -r requirements.txt (line 32))
2026-09-19T09:58:35.9100014Z   Using cached watchdog-6.0.0-py3-none-manylinux2014_x86_64.whl.metadata (44 kB)
2026-09-19T09:58:35.9410752Z Using cached babel-2.18.0-py3-none-any.whl (10.2 MB)
2026-09-19T09:58:35.9456320Z Using cached backrefs-5.9-py312-none-any.whl (397 kB)
2026-09-19T09:58:35.9468832Z Using cached certifi-2026.7.22-py3-none-any.whl (136 kB)
2026-09-19T09:58:35.9480704Z Using cached charset_normalizer-3.5.1-cp312-cp312-manylinux2014_x86_64.manylinux_2_17_x86_64.manylinux_2_28_x86_64.whl (248 kB)
2026-09-19T09:58:35.9491808Z Using cached click-8.5.0-py3-none-any.whl (125 kB)
2026-09-19T09:58:35.9503086Z Using cached colorama-0.4.6-py2.py3-none-any.whl (25 kB)
2026-09-19T09:58:35.9513566Z Using cached distlib-0.4.3-py2.py3-none-any.whl (470 kB)
2026-09-19T09:58:35.9526229Z Using cached filelock-3.32.7-py3-none-any.whl (100 kB)
2026-09-19T09:58:35.9536912Z Using cached ghp_import-2.1.0-py3-none-any.whl (11 kB)
2026-09-19T09:58:35.9547258Z Using cached idna-3.20-py3-none-any.whl (69 kB)
2026-09-19T09:58:35.9558110Z Using cached jinja2-3.1.6-py3-none-any.whl (134 kB)
2026-09-19T09:58:35.9569364Z Using cached markdown-3.10.3-py3-none-any.whl (110 kB)
2026-09-19T09:58:35.9580508Z Using cached markupsafe-3.0.3-cp312-cp312-manylinux2014_x86_64.manylinux_2_17_x86_64.manylinux_2_28_x86_64.whl (22 kB)
2026-09-19T09:58:35.9590809Z Using cached mergedeep-1.3.4-py3-none-any.whl (6.4 kB)
2026-09-19T09:58:35.9600806Z Using cached mkdocs-1.6.1-py3-none-any.whl (3.9 MB)
2026-09-19T09:58:35.9624994Z Using cached mkdocs_get_deps-0.2.2-py3-none-any.whl (9.6 kB)
2026-09-19T09:58:35.9635581Z Using cached mkdocs_material-9.6.14-py3-none-any.whl (8.7 MB)
2026-09-19T09:58:35.9676236Z Using cached mkdocs_material_extensions-1.3.1-py3-none-any.whl (8.7 kB)
2026-09-19T09:58:35.9686132Z Using cached paginate-0.5.7-py2.py3-none-any.whl (13 kB)
2026-09-19T09:58:35.9696518Z Using cached pygments-2.21.0-py3-none-any.whl (1.3 MB)
2026-09-19T09:58:35.9712067Z Using cached pymdown_extensions-10.21.3-py3-none-any.whl (269 kB)
2026-09-19T09:58:35.9723376Z Using cached requests-2.34.2-py3-none-any.whl (73 kB)
2026-09-19T09:58:35.9734115Z Using cached urllib3-2.8.0-py3-none-any.whl (135 kB)
2026-09-19T09:58:35.9745169Z Using cached packaging-26.3-py3-none-any.whl (129 kB)
2026-09-19T09:58:35.9756003Z Using cached pathspec-1.1.1-py3-none-any.whl (57 kB)
2026-09-19T09:58:35.9766613Z Using cached platformdirs-4.11.11-py3-none-any.whl (24 kB)
2026-09-19T09:58:35.9777172Z Using cached python_dateutil-2.9.0.post0-py2.py3-none-any.whl (229 kB)
2026-09-19T09:58:35.9789034Z Using cached pyyaml-6.0.3-cp312-cp312-manylinux2014_x86_64.manylinux_2_17_x86_64.manylinux_2_28_x86_64.whl (807 kB)
2026-09-19T09:58:35.9802631Z Using cached pyyaml_env_tag-1.1-py3-none-any.whl (4.7 kB)
2026-09-19T09:58:35.9813056Z Using cached six-1.17.0-py2.py3-none-any.whl (11 kB)
2026-09-19T09:58:35.9823371Z Using cached virtualenv-20.31.2-py3-none-any.whl (6.1 MB)
2026-09-19T09:58:35.9854997Z Using cached watchdog-6.0.0-py3-none-manylinux2014_x86_64.whl (79 kB)
2026-09-19T09:58:36.2571645Z Installing collected packages: paginate, distlib, watchdog, urllib3, six, pyyaml, pygments, platformdirs, pathspec, packaging, mkdocs-material-extensions, mergedeep, markupsafe, markdown, idna, filelock, colorama, click, charset-normalizer, certifi, backrefs, babel, virtualenv, requests, pyyaml-env-tag, python-dateutil, pymdown-extensions, mkdocs-get-deps, jinja2, ghp-import, mkdocs, mkdocs-material
2026-09-19T09:58:39.5408837Z 
2026-09-19T09:58:39.5432816Z Successfully installed babel-2.18.0 backrefs-5.9 certifi-2026.7.22 charset-normalizer-3.5.1 click-8.5.0 colorama-0.4.6 distlib-0.4.3 filelock-3.32.7 ghp-import-2.1.0 idna-3.20 jinja2-3.1.6 markdown-3.10.3 markupsafe-3.0.3 mergedeep-1.3.4 mkdocs-1.6.1 mkdocs-get-deps-0.2.2 mkdocs-material-9.6.14 mkdocs-material-extensions-1.3.1 packaging-26.3 paginate-0.5.7 pathspec-1.1.1 platformdirs-4.11.11 pygments-2.21.0 pymdown-extensions-10.21.3 python-dateutil-2.9.0.post0 pyyaml-6.0.3 pyyaml-env-tag-1.1 requests-2.34.2 six-1.17.0 urllib3-2.8.0 virtualenv-20.31.2 watchdog-6.0.0
2026-09-19T09:58:39.6166933Z ##[group]Run make test
2026-09-19T09:58:39.6167276Z [36;1mmake test[0m
2026-09-19T09:58:39.6192342Z shell: /usr/bin/bash -e {0}
2026-09-19T09:58:39.6192745Z env:
2026-09-19T09:58:39.6193099Z   pythonLocation: /opt/hostedtoolcache/Python/3.12.13/x64
2026-09-19T09:58:39.6193957Z   PKG_CONFIG_PATH: /opt/hostedtoolcache/Python/3.12.13/x64/lib/pkgconfig
2026-09-19T09:58:39.6194553Z   Python_ROOT_DIR: /opt/hostedtoolcache/Python/3.12.13/x64
2026-09-19T09:58:39.6195005Z   Python2_ROOT_DIR: /opt/hostedtoolcache/Python/3.12.13/x64
2026-09-19T09:58:39.6195470Z   Python3_ROOT_DIR: /opt/hostedtoolcache/Python/3.12.13/x64
2026-09-19T09:58:39.6195957Z   LD_LIBRARY_PATH: /opt/hostedtoolcache/Python/3.12.13/x64/lib
2026-09-19T09:58:39.6196359Z ##[endgroup]
2026-09-19T09:58:39.6264544Z python -m unittest discover -s tests -v
2026-09-19T09:58:39.9561363Z test_known_constant_samples (test_experiment.ExperimentTests.test_known_constant_samples) ... ok
2026-09-19T09:58:39.9572220Z test_reject_nonfinite_and_duplicate (test_experiment.ExperimentTests.test_reject_nonfinite_and_duplicate) ... ok
2026-09-19T09:58:39.9572826Z 
2026-09-19T09:58:39.9573054Z ----------------------------------------------------------------------
2026-09-19T09:58:39.9573512Z Ran 2 tests in 0.243s
2026-09-19T09:58:39.9573753Z 
2026-09-19T09:58:39.9573895Z OK
2026-09-19T09:58:39.9698739Z ##[group]Run make build
2026-09-19T09:58:39.9699114Z [36;1mmake build[0m
2026-09-19T09:58:39.9722264Z shell: /usr/bin/bash -e {0}
2026-09-19T09:58:39.9722609Z env:
2026-09-19T09:58:39.9723050Z   pythonLocation: /opt/hostedtoolcache/Python/3.12.13/x64
2026-09-19T09:58:39.9723544Z   PKG_CONFIG_PATH: /opt/hostedtoolcache/Python/3.12.13/x64/lib/pkgconfig
2026-09-19T09:58:39.9724082Z   Python_ROOT_DIR: /opt/hostedtoolcache/Python/3.12.13/x64
2026-09-19T09:58:39.9724510Z   Python2_ROOT_DIR: /opt/hostedtoolcache/Python/3.12.13/x64
2026-09-19T09:58:39.9724969Z   Python3_ROOT_DIR: /opt/hostedtoolcache/Python/3.12.13/x64
2026-09-19T09:58:39.9725405Z   LD_LIBRARY_PATH: /opt/hostedtoolcache/Python/3.12.13/x64/lib
2026-09-19T09:58:39.9725774Z ##[endgroup]
2026-09-19T09:58:39.9779745Z python scripts/experiment.py --cache .work/cache
2026-09-19T09:58:40.8014035Z {"cache_hit": false, "elapsed_seconds": 0.7857126309999956, "cache_key": "675cc313e9a9207c6ac8f8db52500523c114a26764f7edcdb94506cad45fbdb2", "rows": [{"workers": 1, "n": 5, "mean": 12.4, "low": 12.22, "high": 12.58, "speedup": 1.0, "efficiency": 1.0}, {"workers": 2, "n": 5, "mean": 6.76, "low": 6.66, "high": 6.84, "speedup": 1.834319526627219, "efficiency": 0.9171597633136095}, {"workers": 4, "n": 5, "mean": 4.14, "low": 4.06, "high": 4.24, "speedup": 2.9951690821256043, "efficiency": 0.7487922705314011}, {"workers": 8, "n": 5, "mean": 3.54, "low": 3.46, "high": 3.64, "speedup": 3.5028248587570623, "efficiency": 0.4378531073446328}]}
2026-09-19T09:58:40.8077613Z python -m mkdocs build --strict --site-dir .work/site
2026-09-19T09:58:41.0315181Z INFO    -  Cleaning site directory
2026-09-19T09:58:41.0316272Z INFO    -  Building documentation to directory: /home/runner/work/python-lab/python-lab/.work/site
2026-09-19T09:58:41.2827405Z INFO    -  Documentation built in 0.28 seconds
2026-09-19T09:58:41.3182699Z ##[group]Run printf '\n[broken](does-not-exist.md)\n' >> docs/index.md
2026-09-19T09:58:41.3183275Z [36;1mprintf '\n[broken](does-not-exist.md)\n' >> docs/index.md[0m
2026-09-19T09:58:41.3183805Z [36;1mpython -m mkdocs build --strict --site-dir .work/negative[0m
2026-09-19T09:58:41.3207102Z shell: /usr/bin/bash -e {0}
2026-09-19T09:58:41.3207441Z env:
2026-09-19T09:58:41.3207877Z   pythonLocation: /opt/hostedtoolcache/Python/3.12.13/x64
2026-09-19T09:58:41.3208401Z   PKG_CONFIG_PATH: /opt/hostedtoolcache/Python/3.12.13/x64/lib/pkgconfig
2026-09-19T09:58:41.3209010Z   Python_ROOT_DIR: /opt/hostedtoolcache/Python/3.12.13/x64
2026-09-19T09:58:41.3209473Z   Python2_ROOT_DIR: /opt/hostedtoolcache/Python/3.12.13/x64
2026-09-19T09:58:41.3209975Z   Python3_ROOT_DIR: /opt/hostedtoolcache/Python/3.12.13/x64
2026-09-19T09:58:41.3210414Z   LD_LIBRARY_PATH: /opt/hostedtoolcache/Python/3.12.13/x64/lib
2026-09-19T09:58:41.3210808Z ##[endgroup]
2026-09-19T09:58:41.5174602Z INFO    -  Cleaning site directory
2026-09-19T09:58:41.5175507Z INFO    -  Building documentation to directory: /home/runner/work/python-lab/python-lab/.work/negative
2026-09-19T09:58:41.5724844Z WARNING -  Doc file 'index.md' contains a link 'does-not-exist.md', but the target is not found among documentation files.
2026-09-19T09:58:41.7702393Z 
2026-09-19T09:58:41.7702976Z Aborted with 1 warnings in strict mode!
2026-09-19T09:58:41.8024237Z ##[error]Process completed with exit code 1.
2026-09-19T09:58:41.8172427Z Node 20 is being deprecated. This workflow is running with Node 24 by default. If you need to temporarily use Node 20, you can set the ACTIONS_ALLOW_USE_UNSECURE_NODE_VERSION=true environment variable. For more information see: https://github.blog/changelog/2025-09-19-deprecation-of-node-20-on-github-actions-runners/
2026-09-19T09:58:41.8173704Z Post job cleanup.
2026-09-19T09:58:41.8940158Z [command]/usr/bin/git version
2026-09-19T09:58:41.8975236Z git version 2.55.0
2026-09-19T09:58:41.9005758Z Temporarily overriding HOME='/home/runner/work/_temp/618b4640-0b98-4afd-aebb-f599f5781d7c' before making global git config changes
2026-09-19T09:58:41.9007202Z Adding repository directory to the temporary git global config as a safe directory
2026-09-19T09:58:41.9011770Z [command]/usr/bin/git config --global --add safe.directory /home/runner/work/python-lab/python-lab
2026-09-19T09:58:41.9044763Z [command]/usr/bin/git config --local --name-only --get-regexp core\.sshCommand
2026-09-19T09:58:41.9074247Z [command]/usr/bin/git submodule foreach --recursive sh -c "git config --local --name-only --get-regexp 'core\.sshCommand' && git config --local --unset-all 'core.sshCommand' || :"
2026-09-19T09:58:41.9322350Z [command]/usr/bin/git config --local --name-only --get-regexp http\.https\:\/\/github\.com\/\.extraheader
2026-09-19T09:58:41.9355158Z [command]/usr/bin/git submodule foreach --recursive sh -c "git config --local --name-only --get-regexp 'http\.https\:\/\/github\.com\/\.extraheader' && git config --local --unset-all 'http.https://github.com/.extraheader' || :"
2026-09-19T09:58:41.9619937Z [command]/usr/bin/git config --local --name-only --get-regexp ^includeIf\.gitdir:
2026-09-19T09:58:41.9664026Z [command]/usr/bin/git submodule foreach --recursive git config --local --show-origin --name-only --get-regexp remote.origin.url
2026-09-19T09:58:42.0065065Z Cleaning up orphan processes
2026-09-19T09:58:42.0294031Z ##[warning]Node.js 20 is deprecated. The following actions target Node.js 20 but are being forced to run on Node.js 24: actions/checkout@11d5960a326750d5838078e36cf38b85af677262, actions/setup-python@a26af69be951a213d495a4c3e4e4022e16d87065. For more information see: https://github.blog/changelog/2025-09-19-deprecation-of-node-20-on-github-actions-runners/

